kotlin version: 2.0.0
error message: org.jetbrains.kotlin.backend.common.BackendException: Backend Internal error: Exception during IR lowering
File being compiled: D:/Gis app/MrzAndNfc/imageCropper/src/main/java/com/gis/core/imagecropper/Scanner.kt
The root cause java.lang.RuntimeException was thrown at: org.jetbrains.kotlin.backend.jvm.codegen.FunctionCodegen.generate(FunctionCodegen.kt:50)
	at org.jetbrains.kotlin.backend.common.CodegenUtil.reportBackendException(CodegenUtil.kt:253)
	at org.jetbrains.kotlin.backend.common.CodegenUtil.reportBackendException$default(CodegenUtil.kt:236)
	at org.jetbrains.kotlin.backend.common.phaser.PerformByIrFilePhase.invokeSequential(performByIrFile.kt:65)
	at org.jetbrains.kotlin.backend.common.phaser.PerformByIrFilePhase.invoke(performByIrFile.kt:52)
	at org.jetbrains.kotlin.backend.common.phaser.PerformByIrFilePhase.invoke(performByIrFile.kt:38)
	at org.jetbrains.kotlin.backend.common.phaser.NamedCompilerPhase.phaseBody(CompilerPhase.kt:166)
	at org.jetbrains.kotlin.backend.common.phaser.AbstractNamedCompilerPhase.invoke(CompilerPhase.kt:113)
	at org.jetbrains.kotlin.backend.common.phaser.CompositePhase.invoke(PhaseBuilders.kt:29)
	at org.jetbrains.kotlin.backend.common.phaser.CompositePhase.invoke(PhaseBuilders.kt:16)
	at org.jetbrains.kotlin.backend.common.phaser.NamedCompilerPhase.phaseBody(CompilerPhase.kt:166)
	at org.jetbrains.kotlin.backend.common.phaser.AbstractNamedCompilerPhase.invoke(CompilerPhase.kt:113)
	at org.jetbrains.kotlin.backend.common.phaser.CompilerPhaseKt.invokeToplevel(CompilerPhase.kt:62)
	at org.jetbrains.kotlin.backend.jvm.JvmIrCodegenFactory.invokeCodegen(JvmIrCodegenFactory.kt:371)
	at org.jetbrains.kotlin.codegen.CodegenFactory.generateModule(CodegenFactory.kt:47)
	at org.jetbrains.kotlin.backend.jvm.JvmIrCodegenFactory.generateModuleInFrontendIRMode(JvmIrCodegenFactory.kt:433)
	at org.jetbrains.kotlin.cli.jvm.compiler.pipeline.JvmCompilerPipelineKt.generateCodeFromIr(jvmCompilerPipeline.kt:241)
	at org.jetbrains.kotlin.cli.jvm.compiler.pipeline.JvmCompilerPipelineKt.compileModulesUsingFrontendIrAndLightTree(jvmCompilerPipeline.kt:140)
	at org.jetbrains.kotlin.cli.jvm.K2JVMCompiler.doExecute(K2JVMCompiler.kt:155)
	at org.jetbrains.kotlin.cli.jvm.K2JVMCompiler.doExecute(K2JVMCompiler.kt:50)
	at org.jetbrains.kotlin.cli.common.CLICompiler.execImpl(CLICompiler.kt:104)
	at org.jetbrains.kotlin.cli.common.CLICompiler.execImpl(CLICompiler.kt:48)
	at org.jetbrains.kotlin.cli.common.CLITool.exec(CLITool.kt:101)
	at org.jetbrains.kotlin.incremental.IncrementalJvmCompilerRunner.runCompiler(IncrementalJvmCompilerRunner.kt:453)
	at org.jetbrains.kotlin.incremental.IncrementalJvmCompilerRunner.runCompiler(IncrementalJvmCompilerRunner.kt:62)
	at org.jetbrains.kotlin.incremental.IncrementalCompilerRunner.doCompile(IncrementalCompilerRunner.kt:506)
	at org.jetbrains.kotlin.incremental.IncrementalCompilerRunner.compileImpl(IncrementalCompilerRunner.kt:423)
	at org.jetbrains.kotlin.incremental.IncrementalCompilerRunner.compileNonIncrementally(IncrementalCompilerRunner.kt:301)
	at org.jetbrains.kotlin.incremental.IncrementalCompilerRunner.compile(IncrementalCompilerRunner.kt:129)
	at org.jetbrains.kotlin.daemon.CompileServiceImplBase.execIncrementalCompiler(CompileServiceImpl.kt:676)
	at org.jetbrains.kotlin.daemon.CompileServiceImplBase.access$execIncrementalCompiler(CompileServiceImpl.kt:92)
	at org.jetbrains.kotlin.daemon.CompileServiceImpl.compile(CompileServiceImpl.kt:1661)
	at java.base/jdk.internal.reflect.DirectMethodHandleAccessor.invoke(Unknown Source)
	at java.base/java.lang.reflect.Method.invoke(Unknown Source)
	at java.rmi/sun.rmi.server.UnicastServerRef.dispatch(Unknown Source)
	at java.rmi/sun.rmi.transport.Transport$1.run(Unknown Source)
	at java.rmi/sun.rmi.transport.Transport$1.run(Unknown Source)
	at java.base/java.security.AccessController.doPrivileged(Unknown Source)
	at java.rmi/sun.rmi.transport.Transport.serviceCall(Unknown Source)
	at java.rmi/sun.rmi.transport.tcp.TCPTransport.handleMessages(Unknown Source)
	at java.rmi/sun.rmi.transport.tcp.TCPTransport$ConnectionHandler.run0(Unknown Source)
	at java.rmi/sun.rmi.transport.tcp.TCPTransport$ConnectionHandler.lambda$run$0(Unknown Source)
	at java.base/java.security.AccessController.doPrivileged(Unknown Source)
	at java.rmi/sun.rmi.transport.tcp.TCPTransport$ConnectionHandler.run(Unknown Source)
	at java.base/java.util.concurrent.ThreadPoolExecutor.runWorker(Unknown Source)
	at java.base/java.util.concurrent.ThreadPoolExecutor$Worker.run(Unknown Source)
	at java.base/java.lang.Thread.run(Unknown Source)
Caused by: java.lang.RuntimeException: Exception while generating code for:
FUN name:Scan visibility:public modality:FINAL <> (activity:android.app.Activity, start:kotlin.Function1<android.content.IntentSender, kotlin.Unit>) returnType:kotlin.Unit
  annotations:
    Composable
  VALUE_PARAMETER name:activity index:0 type:android.app.Activity
  VALUE_PARAMETER name:start index:1 type:kotlin.Function1<android.content.IntentSender, kotlin.Unit>
  BLOCK_BODY
    VAR name:options type:com.google.mlkit.vision.documentscanner.GmsDocumentScannerOptions [val]
      BLOCK type=com.google.mlkit.vision.documentscanner.GmsDocumentScannerOptions origin=null
        VAR IR_TEMPORARY_VARIABLE name:tmp0 type:kotlin.Any? [val]
          CALL 'public open fun build (): @[EnhancedNullability] com.google.mlkit.vision.documentscanner.GmsDocumentScannerOptions declared in com.google.mlkit.vision.documentscanner.GmsDocumentScannerOptions.Builder' type=@[EnhancedNullability] com.google.mlkit.vision.documentscanner.GmsDocumentScannerOptions origin=null
            $this: CALL 'public open fun setScannerMode (p0: kotlin.Int): @[EnhancedNullability] com.google.mlkit.vision.documentscanner.GmsDocumentScannerOptions.Builder declared in com.google.mlkit.vision.documentscanner.GmsDocumentScannerOptions.Builder' type=@[EnhancedNullability] com.google.mlkit.vision.documentscanner.GmsDocumentScannerOptions.Builder origin=null
              $this: CALL 'public open fun setResultFormats (p0: kotlin.Int, vararg p1: kotlin.Int): @[EnhancedNullability] com.google.mlkit.vision.documentscanner.GmsDocumentScannerOptions.Builder declared in com.google.mlkit.vision.documentscanner.GmsDocumentScannerOptions.Builder' type=@[EnhancedNullability] com.google.mlkit.vision.documentscanner.GmsDocumentScannerOptions.Builder origin=null
                $this: CALL 'public open fun setPageLimit (p0: kotlin.Int): @[EnhancedNullability] com.google.mlkit.vision.documentscanner.GmsDocumentScannerOptions.Builder declared in com.google.mlkit.vision.documentscanner.GmsDocumentScannerOptions.Builder' type=@[EnhancedNullability] com.google.mlkit.vision.documentscanner.GmsDocumentScannerOptions.Builder origin=null
                  $this: CALL 'public open fun setGalleryImportAllowed (p0: kotlin.Boolean): @[EnhancedNullability] com.google.mlkit.vision.documentscanner.GmsDocumentScannerOptions.Builder declared in com.google.mlkit.vision.documentscanner.GmsDocumentScannerOptions.Builder' type=@[EnhancedNullability] com.google.mlkit.vision.documentscanner.GmsDocumentScannerOptions.Builder origin=null
                    $this: CONSTRUCTOR_CALL 'public constructor <init> () declared in com.google.mlkit.vision.documentscanner.GmsDocumentScannerOptions.Builder' type=com.google.mlkit.vision.documentscanner.GmsDocumentScannerOptions.Builder origin=null
                    p0: CONST Boolean type=kotlin.Boolean value=false
                  p0: CONST Int type=kotlin.Int value=1
                p0: CONST Int type=kotlin.Int value=101
                p1: BLOCK type=@[EnhancedNullability] kotlin.IntArray origin=null
                  VAR IR_TEMPORARY_VARIABLE name:tmp0 type:@[EnhancedNullability] kotlin.IntArray [val]
                    CONSTRUCTOR_CALL 'public constructor <init> (size: kotlin.Int) [primary] declared in kotlin.IntArray' type=@[EnhancedNullability] kotlin.IntArray origin=null
                      size: CONST Int type=kotlin.Int value=1
                  CALL 'public final fun set (index: kotlin.Int, value: kotlin.Int): kotlin.Unit [operator] declared in kotlin.IntArray' type=kotlin.Unit origin=null
                    $this: GET_VAR 'val tmp0: @[EnhancedNullability] kotlin.IntArray [val] declared in com.gis.core.imagecropper.ScannerKt.Scan' type=@[EnhancedNullability] kotlin.IntArray origin=null
                    index: CONST Int type=kotlin.Int value=0
                    value: CONST Int type=kotlin.Int value=102
                  GET_VAR 'val tmp0: @[EnhancedNullability] kotlin.IntArray [val] declared in com.gis.core.imagecropper.ScannerKt.Scan' type=@[EnhancedNullability] kotlin.IntArray origin=null
              p0: CONST Int type=kotlin.Int value=3
        CALL 'public final fun checkNotNullExpressionValue (value: kotlin.Any?, expression: kotlin.String): kotlin.Unit declared in kotlin.jvm.internal.Intrinsics' type=kotlin.Unit origin=null
          value: GET_VAR 'val tmp0: kotlin.Any? [val] declared in com.gis.core.imagecropper.ScannerKt.Scan' type=kotlin.Any? origin=null
          expression: CONST String type=kotlin.String value="build(...)"
        GET_VAR 'val tmp0: kotlin.Any? [val] declared in com.gis.core.imagecropper.ScannerKt.Scan' type=kotlin.Any? origin=null
    VAR name:scanner type:com.google.mlkit.vision.documentscanner.GmsDocumentScanner [val]
      BLOCK type=com.google.mlkit.vision.documentscanner.GmsDocumentScanner origin=null
        VAR IR_TEMPORARY_VARIABLE name:tmp1 type:kotlin.Any? [val]
          CALL 'public final fun remember <T> (calculation: @[DisallowComposableCalls] kotlin.Function0<T of androidx.compose.runtime.ComposablesKt.remember>): T of androidx.compose.runtime.ComposablesKt.remember [inline] declared in androidx.compose.runtime.ComposablesKt' type=@[EnhancedNullability] com.google.mlkit.vision.documentscanner.GmsDocumentScanner origin=null
            <T>: @[EnhancedNullability] com.google.mlkit.vision.documentscanner.GmsDocumentScanner
            calculation: BLOCK type=kotlin.Function0<@[EnhancedNullability] com.google.mlkit.vision.documentscanner.GmsDocumentScanner> origin=LAMBDA
              COMPOSITE type=kotlin.Unit origin=null
              FUNCTION_REFERENCE 'private final fun Scan$lambda$0 ($options: com.google.mlkit.vision.documentscanner.GmsDocumentScannerOptions): @[EnhancedNullability] com.google.mlkit.vision.documentscanner.GmsDocumentScanner declared in com.gis.core.imagecropper.ScannerKt' type=kotlin.Function0<@[EnhancedNullability] com.google.mlkit.vision.documentscanner.GmsDocumentScanner> origin=INLINE_LAMBDA reflectionTarget=null
                $options: GET_VAR 'val options: com.google.mlkit.vision.documentscanner.GmsDocumentScannerOptions [val] declared in com.gis.core.imagecropper.ScannerKt.Scan' type=com.google.mlkit.vision.documentscanner.GmsDocumentScannerOptions origin=null
        CALL 'public final fun checkNotNullExpressionValue (value: kotlin.Any?, expression: kotlin.String): kotlin.Unit declared in kotlin.jvm.internal.Intrinsics' type=kotlin.Unit origin=null
          value: GET_VAR 'val tmp1: kotlin.Any? [val] declared in com.gis.core.imagecropper.ScannerKt.Scan' type=kotlin.Any? origin=null
          expression: CONST String type=kotlin.String value="remember(...)"
        GET_VAR 'val tmp1: kotlin.Any? [val] declared in com.gis.core.imagecropper.ScannerKt.Scan' type=kotlin.Any? origin=null
    COMPOSITE type=kotlin.Unit origin=null
      CALL 'public abstract fun addOnFailureListener (p0: @[EnhancedNullability] com.google.android.gms.tasks.OnFailureListener): @[EnhancedNullability] com.google.android.gms.tasks.Task<@[FlexibleNullability] TResult of com.google.android.gms.tasks.Task?> declared in com.google.android.gms.tasks.Task' type=@[EnhancedNullability] com.google.android.gms.tasks.Task<@[FlexibleNullability] android.content.IntentSender?> origin=null
        $this: CALL 'public abstract fun addOnSuccessListener (p0: @[EnhancedNullability] com.google.android.gms.tasks.OnSuccessListener<in @[FlexibleNullability] TResult of com.google.android.gms.tasks.Task?>): @[EnhancedNullability] com.google.android.gms.tasks.Task<@[FlexibleNullability] TResult of com.google.android.gms.tasks.Task?> declared in com.google.android.gms.tasks.Task' type=@[EnhancedNullability] com.google.android.gms.tasks.Task<@[FlexibleNullability] android.content.IntentSender?> origin=null
          $this: CALL 'public abstract fun getStartScanIntent (p0: @[EnhancedNullability] android.app.Activity): @[EnhancedNullability] com.google.android.gms.tasks.Task<@[FlexibleNullability] android.content.IntentSender?> declared in com.google.mlkit.vision.documentscanner.GmsDocumentScanner' type=@[EnhancedNullability] com.google.android.gms.tasks.Task<@[FlexibleNullability] android.content.IntentSender?> origin=null
            $this: GET_VAR 'val scanner: com.google.mlkit.vision.documentscanner.GmsDocumentScanner [val] declared in com.gis.core.imagecropper.ScannerKt.Scan' type=com.google.mlkit.vision.documentscanner.GmsDocumentScanner origin=null
            p0: GET_VAR 'activity: android.app.Activity declared in com.gis.core.imagecropper.ScannerKt.Scan' type=android.app.Activity origin=null
          p0: BLOCK type=com.google.android.gms.tasks.OnSuccessListener<kotlin.Any?> origin=LAMBDA
            VAR IR_TEMPORARY_VARIABLE name:tmp0 type:kotlin.Function1<kotlin.Any?, kotlin.Unit> [val]
              TYPE_OP type=kotlin.Function1<kotlin.Any?, kotlin.Unit> origin=IMPLICIT_CAST typeOperand=kotlin.Function1<kotlin.Any?, kotlin.Unit>
                BLOCK type=kotlin.Function1<@[FlexibleNullability] android.content.IntentSender?, kotlin.Unit> origin=LAMBDA
                  COMPOSITE type=kotlin.Unit origin=null
                  CALL 'public final fun <jvm-indy> <T> (dynamicCall: T of kotlin.jvm.internal.<jvm-indy>, bootstrapMethodHandle: kotlin.Any, vararg bootstrapMethodArguments: kotlin.Any): T of kotlin.jvm.internal.<jvm-indy> declared in kotlin.jvm.internal' type=kotlin.Function1<@[FlexibleNullability] android.content.IntentSender?, kotlin.Unit> origin=null
                    <T>: kotlin.Function1<@[FlexibleNullability] android.content.IntentSender?, kotlin.Unit>
                    dynamicCall: CALL 'public final fun invoke (p0: kotlin.Function1<android.content.IntentSender, kotlin.Unit>): kotlin.Function1<@[FlexibleNullability] android.content.IntentSender?, kotlin.Unit> declared in kotlin.jvm.internal.invokeDynamic' type=kotlin.Function1<@[FlexibleNullability] android.content.IntentSender?, kotlin.Unit> origin=null
                      p0: GET_VAR 'start: kotlin.Function1<android.content.IntentSender, kotlin.Unit> declared in com.gis.core.imagecropper.ScannerKt.Scan' type=kotlin.Function1<android.content.IntentSender, kotlin.Unit> origin=null
                    bootstrapMethodHandle: CALL 'public final fun <jvm-method-handle> (tag: kotlin.Int, owner: kotlin.String, name: kotlin.String, descriptor: kotlin.String, isInterface: kotlin.Boolean): kotlin.Any declared in kotlin.jvm.internal' type=kotlin.Any origin=null
                      tag: CONST Int type=kotlin.Int value=6
                      owner: CONST String type=kotlin.String value="java/lang/invoke/LambdaMetafactory"
                      name: CONST String type=kotlin.String value="metafactory"
                      descriptor: CONST String type=kotlin.String value="(Ljava/lang/invoke/MethodHandles$Lookup;Ljava/lang/String;Ljava/lang/invoke/MethodType;Ljava/lang/invoke/MethodType;Ljava/lang/invoke/MethodHandle;Ljava/lang/invoke/MethodType;)Ljava/lang/invoke/CallSite;"
                      isInterface: CONST Boolean type=kotlin.Boolean value=false
                    bootstrapMethodArguments: VARARG type=kotlin.Array<kotlin.Any> varargElementType=kotlin.Any
                      CALL 'public final fun <jvm-original-method-type> (method: kotlin.Any): kotlin.Any declared in kotlin.jvm.internal' type=kotlin.Any origin=null
                        method: RAW_FUNCTION_REFERENCE 'public abstract fun invoke (p1: P1 of kotlin.Function1): R of kotlin.Function1 [operator] declared in kotlin.Function1' type=kotlin.Any
                      RAW_FUNCTION_REFERENCE 'private final fun Scan$lambda$1 ($start: kotlin.Function1<android.content.IntentSender, kotlin.Unit>, intentSender: @[FlexibleNullability] android.content.IntentSender?): kotlin.Unit? declared in com.gis.core.imagecropper.ScannerKt' type=kotlin.Any
                      CALL 'public final fun <jvm-original-method-type> (method: kotlin.Any): kotlin.Any declared in kotlin.jvm.internal' type=kotlin.Any origin=null
                        method: RAW_FUNCTION_REFERENCE 'public abstract fun invoke (p1: @[FlexibleNullability] android.content.IntentSender?): kotlin.Unit? [fake_override,operator] declared in kotlin.jvm.internal.invokeDynamic.<fake>' type=kotlin.Any
            COMPOSITE type=kotlin.Unit origin=null
            CALL 'public final fun <jvm-indy> <T> (dynamicCall: T of kotlin.jvm.internal.<jvm-indy>, bootstrapMethodHandle: kotlin.Any, vararg bootstrapMethodArguments: kotlin.Any): T of kotlin.jvm.internal.<jvm-indy> declared in kotlin.jvm.internal' type=com.google.android.gms.tasks.OnSuccessListener<kotlin.Any?> origin=null
              <T>: com.google.android.gms.tasks.OnSuccessListener<kotlin.Any?>
              dynamicCall: CALL 'public final fun onSuccess (p0: kotlin.Function1<kotlin.Any?, kotlin.Unit>): com.google.android.gms.tasks.OnSuccessListener<kotlin.Any?> declared in kotlin.jvm.internal.invokeDynamic' type=com.google.android.gms.tasks.OnSuccessListener<kotlin.Any?> origin=null
                p0: GET_VAR 'val tmp0: kotlin.Function1<kotlin.Any?, kotlin.Unit> [val] declared in com.gis.core.imagecropper.ScannerKt.Scan' type=kotlin.Function1<kotlin.Any?, kotlin.Unit> origin=null
              bootstrapMethodHandle: CALL 'public final fun <jvm-method-handle> (tag: kotlin.Int, owner: kotlin.String, name: kotlin.String, descriptor: kotlin.String, isInterface: kotlin.Boolean): kotlin.Any declared in kotlin.jvm.internal' type=kotlin.Any origin=null
                tag: CONST Int type=kotlin.Int value=6
                owner: CONST String type=kotlin.String value="java/lang/invoke/LambdaMetafactory"
                name: CONST String type=kotlin.String value="metafactory"
                descriptor: CONST String type=kotlin.String value="(Ljava/lang/invoke/MethodHandles$Lookup;Ljava/lang/String;Ljava/lang/invoke/MethodType;Ljava/lang/invoke/MethodType;Ljava/lang/invoke/MethodHandle;Ljava/lang/invoke/MethodType;)Ljava/lang/invoke/CallSite;"
                isInterface: CONST Boolean type=kotlin.Boolean value=false
              bootstrapMethodArguments: VARARG type=kotlin.Array<kotlin.Any> varargElementType=kotlin.Any
                CALL 'public final fun <jvm-original-method-type> (method: kotlin.Any): kotlin.Any declared in kotlin.jvm.internal' type=kotlin.Any origin=null
                  method: RAW_FUNCTION_REFERENCE 'public abstract fun onSuccess (p0: @[FlexibleNullability] TResult of com.google.android.gms.tasks.OnSuccessListener?): kotlin.Unit declared in com.google.android.gms.tasks.OnSuccessListener' type=kotlin.Any
                RAW_FUNCTION_REFERENCE 'private final fun Scan$lambda$2 ($tmp0: kotlin.Function1<kotlin.Any?, kotlin.Unit>, p0: @[FlexibleNullability] kotlin.Any?): kotlin.Unit declared in com.gis.core.imagecropper.ScannerKt' type=kotlin.Any
                CALL 'public final fun <jvm-original-method-type> (method: kotlin.Any): kotlin.Any declared in kotlin.jvm.internal' type=kotlin.Any origin=null
                  method: RAW_FUNCTION_REFERENCE 'public abstract fun onSuccess (p0: @[FlexibleNullability] kotlin.Any?): kotlin.Unit [fake_override] declared in kotlin.jvm.internal.invokeDynamic.<fake>' type=kotlin.Any
        p0: BLOCK type=com.google.android.gms.tasks.OnFailureListener origin=LAMBDA
          COMPOSITE type=kotlin.Unit origin=null
          CALL 'public final fun <jvm-indy> <T> (dynamicCall: T of kotlin.jvm.internal.<jvm-indy>, bootstrapMethodHandle: kotlin.Any, vararg bootstrapMethodArguments: kotlin.Any): T of kotlin.jvm.internal.<jvm-indy> declared in kotlin.jvm.internal' type=com.google.android.gms.tasks.OnFailureListener origin=null
            <T>: com.google.android.gms.tasks.OnFailureListener
            dynamicCall: CALL 'public final fun onFailure (p0: android.app.Activity): com.google.android.gms.tasks.OnFailureListener declared in kotlin.jvm.internal.invokeDynamic' type=com.google.android.gms.tasks.OnFailureListener origin=null
              p0: GET_VAR 'activity: android.app.Activity declared in com.gis.core.imagecropper.ScannerKt.Scan' type=android.app.Activity origin=null
            bootstrapMethodHandle: CALL 'public final fun <jvm-method-handle> (tag: kotlin.Int, owner: kotlin.String, name: kotlin.String, descriptor: kotlin.String, isInterface: kotlin.Boolean): kotlin.Any declared in kotlin.jvm.internal' type=kotlin.Any origin=null
              tag: CONST Int type=kotlin.Int value=6
              owner: CONST String type=kotlin.String value="java/lang/invoke/LambdaMetafactory"
              name: CONST String type=kotlin.String value="metafactory"
              descriptor: CONST String type=kotlin.String value="(Ljava/lang/invoke/MethodHandles$Lookup;Ljava/lang/String;Ljava/lang/invoke/MethodType;Ljava/lang/invoke/MethodType;Ljava/lang/invoke/MethodHandle;Ljava/lang/invoke/MethodType;)Ljava/lang/invoke/CallSite;"
              isInterface: CONST Boolean type=kotlin.Boolean value=false
            bootstrapMethodArguments: VARARG type=kotlin.Array<kotlin.Any> varargElementType=kotlin.Any
              CALL 'public final fun <jvm-original-method-type> (method: kotlin.Any): kotlin.Any declared in kotlin.jvm.internal' type=kotlin.Any origin=null
                method: RAW_FUNCTION_REFERENCE 'public abstract fun onFailure (p0: @[EnhancedNullability] java.lang.Exception): kotlin.Unit declared in com.google.android.gms.tasks.OnFailureListener' type=kotlin.Any
              RAW_FUNCTION_REFERENCE 'private final fun Scan$lambda$3 ($activity: android.app.Activity, it: @[EnhancedNullability] java.lang.Exception): kotlin.Unit declared in com.gis.core.imagecropper.ScannerKt' type=kotlin.Any
              CALL 'public final fun <jvm-original-method-type> (method: kotlin.Any): kotlin.Any declared in kotlin.jvm.internal' type=kotlin.Any origin=null
                method: RAW_FUNCTION_REFERENCE 'public abstract fun onFailure (p0: @[EnhancedNullability] java.lang.Exception): kotlin.Unit [fake_override] declared in kotlin.jvm.internal.invokeDynamic.<fake>' type=kotlin.Any
      COMPOSITE type=kotlin.Unit origin=null

	at org.jetbrains.kotlin.backend.jvm.codegen.FunctionCodegen.generate(FunctionCodegen.kt:50)
	at org.jetbrains.kotlin.backend.jvm.codegen.FunctionCodegen.generate$default(FunctionCodegen.kt:42)
	at org.jetbrains.kotlin.backend.jvm.codegen.ClassCodegen.generateMethodNode(ClassCodegen.kt:385)
	at org.jetbrains.kotlin.backend.jvm.codegen.ClassCodegen.generateMethod(ClassCodegen.kt:402)
	at org.jetbrains.kotlin.backend.jvm.codegen.ClassCodegen.generate(ClassCodegen.kt:169)
	at org.jetbrains.kotlin.backend.jvm.FileCodegen.lower(JvmPhases.kt:41)
	at org.jetbrains.kotlin.backend.common.phaser.PhaseBuildersKt.makeIrFilePhase$lambda$5(PhaseBuilders.kt:114)
	at org.jetbrains.kotlin.backend.common.phaser.PhaseBuildersKt$createSimpleNamedCompilerPhase$1.phaseBody(PhaseBuilders.kt:71)
	at org.jetbrains.kotlin.backend.common.phaser.SimpleNamedCompilerPhase.phaseBody(CompilerPhase.kt:226)
	at org.jetbrains.kotlin.backend.common.phaser.AbstractNamedCompilerPhase.invoke(CompilerPhase.kt:113)
	at org.jetbrains.kotlin.backend.common.phaser.PerformByIrFilePhase.invokeSequential(performByIrFile.kt:62)
	... 43 more
Caused by: org.jetbrains.kotlin.codegen.CompilationException: Back-end (JVM) Internal error: Couldn't inline method call: CALL 'public final fun remember <T> (calculation: @[DisallowComposableCalls] kotlin.Function0<T of androidx.compose.runtime.ComposablesKt.remember>): T of androidx.compose.runtime.ComposablesKt.remember [inline] declared in androidx.compose.runtime.ComposablesKt' type=@[EnhancedNullability] com.google.mlkit.vision.documentscanner.GmsDocumentScanner origin=null
Method: null
File is unknown
The root cause java.lang.IllegalStateException was thrown at: org.jetbrains.kotlin.codegen.inline.SourceCompilerForInlineKt.getMethodNode(SourceCompilerForInline.kt:118)
	at org.jetbrains.kotlin.codegen.inline.InlineCodegen.performInline(InlineCodegen.kt:65)
	at org.jetbrains.kotlin.backend.jvm.codegen.IrInlineCodegen.genInlineCall(IrInlineCodegen.kt:162)
	at org.jetbrains.kotlin.backend.jvm.codegen.IrInlineCallGenerator.genCall(IrInlineCallGenerator.kt:36)
	at org.jetbrains.kotlin.backend.jvm.codegen.ExpressionCodegen.visitCall(ExpressionCodegen.kt:647)
	at org.jetbrains.kotlin.backend.jvm.codegen.ExpressionCodegen.visitCall(ExpressionCodegen.kt:137)
	at org.jetbrains.kotlin.ir.expressions.IrCall.accept(IrCall.kt:24)
	at org.jetbrains.kotlin.backend.jvm.codegen.ExpressionCodegen.visitVariable(ExpressionCodegen.kt:784)
	at org.jetbrains.kotlin.backend.jvm.codegen.ExpressionCodegen.visitVariable(ExpressionCodegen.kt:137)
	at org.jetbrains.kotlin.ir.declarations.IrVariable.accept(IrVariable.kt:36)
	at org.jetbrains.kotlin.backend.jvm.codegen.ExpressionCodegen.visitStatementContainer(ExpressionCodegen.kt:573)
	at org.jetbrains.kotlin.backend.jvm.codegen.ExpressionCodegen.visitContainerExpression(ExpressionCodegen.kt:587)
	at org.jetbrains.kotlin.backend.jvm.codegen.ExpressionCodegen.visitContainerExpression(ExpressionCodegen.kt:137)
	at org.jetbrains.kotlin.ir.visitors.IrElementVisitor$DefaultImpls.visitBlock(IrElementVisitor.kt:122)
	at org.jetbrains.kotlin.backend.jvm.codegen.ExpressionCodegen.visitBlock(ExpressionCodegen.kt:407)
	at org.jetbrains.kotlin.backend.jvm.codegen.ExpressionCodegen.visitBlock(ExpressionCodegen.kt:137)
	at org.jetbrains.kotlin.ir.expressions.IrBlock.accept(IrBlock.kt:18)
	at org.jetbrains.kotlin.backend.jvm.codegen.ExpressionCodegen.visitVariable(ExpressionCodegen.kt:784)
	at org.jetbrains.kotlin.backend.jvm.codegen.ExpressionCodegen.visitVariable(ExpressionCodegen.kt:137)
	at org.jetbrains.kotlin.ir.declarations.IrVariable.accept(IrVariable.kt:36)
	at org.jetbrains.kotlin.backend.jvm.codegen.ExpressionCodegen.visitStatementContainer(ExpressionCodegen.kt:573)
	at org.jetbrains.kotlin.backend.jvm.codegen.ExpressionCodegen.visitBlockBody(ExpressionCodegen.kt:578)
	at org.jetbrains.kotlin.backend.jvm.codegen.ExpressionCodegen.visitBlockBody(ExpressionCodegen.kt:137)
	at org.jetbrains.kotlin.ir.expressions.IrBlockBody.accept(IrBlockBody.kt:20)
	at org.jetbrains.kotlin.backend.jvm.codegen.ExpressionCodegen.generate(ExpressionCodegen.kt:239)
	at org.jetbrains.kotlin.backend.jvm.codegen.FunctionCodegen.doGenerate(FunctionCodegen.kt:121)
	at org.jetbrains.kotlin.backend.jvm.codegen.FunctionCodegen.generate(FunctionCodegen.kt:46)
	... 53 more
Caused by: java.lang.IllegalStateException: couldn't find inline method Landroidx/compose/runtime/ComposablesKt;.remember(Lkotlin/jvm/functions/Function0;)Ljava/lang/Object;
	at org.jetbrains.kotlin.codegen.inline.SourceCompilerForInlineKt.getMethodNode(SourceCompilerForInline.kt:118)
	at org.jetbrains.kotlin.codegen.inline.SourceCompilerForInlineKt.loadCompiledInlineFunction(SourceCompilerForInline.kt:96)
	at org.jetbrains.kotlin.backend.jvm.codegen.IrSourceCompilerForInline.compileInlineFunction(IrSourceCompilerForInline.kt:91)
	at org.jetbrains.kotlin.codegen.inline.InlineCodegen.compileInline(InlineCodegen.kt:43)
	at org.jetbrains.kotlin.codegen.inline.InlineCodegen.performInline(InlineCodegen.kt:51)
	... 78 more


